C51 COMPILER V9.54   MAIN                                                                  01/15/2024 21:49:24 PAGE 1   


C51 COMPILER V9.54, COMPILATION OF MODULE MAIN
OBJECT MODULE PLACED IN .\Objects\main.obj
COMPILER INVOKED BY: D:\KEIL5\keil5.1\C51\BIN\C51.EXE main.c OPTIMIZE(8,SPEED) BROWSE DEBUG OBJECTEXTEND PRINT(.\Listing
                    -s\main.lst) OBJECT(.\Objects\main.obj)

line level    source

   1          #include <STC15F2K60S2.H>
   2          #include <intrins.h>
   3          /*************  本地常量声明    **************/
   4          unsigned char code t_display[]={                       //标准字库
   5          //   0    1    2    3    4    5    6    7    8    9    A    B    C    D    E    F
   6              0x3F,0x06,0x5B,0x4F,0x66,0x6D,0x7D,0x07,0x7F,0x6F,0x77,0x7C,0x39,0x5E,0x79,0x71,
   7          //black  -     H    J    K    L    N    o   P    U     t    G    Q    r   M    y
   8              0x00,0x40,0x76,0x1E,0x70,0x38,0x37,0x5C,0x73,0x3E,0x78,0x3d,0x67,0x50,0x37,0x6e,
   9              0xBF,0x86,0xDB,0xCF,0xE6,0xED,0xFD,0x87,0xFF,0xEF,0x46};    //0. 1. 2. 3. 4. 5. 6. 7. 8. 9. -1
  10          
  11          unsigned char code T_COM[]={0x01,0x02,0x04,0x08,0x10,0x20,0x40,0x80};      //位码
  12          unsigned char Smg_buf[8] = {0,1,2,3,4,5,6,12};  //数码管临时储存数组
  13          unsigned char Led_buf[8] = {0,0,0,0,0,0,0,0};   //LED临时储存数组
  14          unsigned char Eignt_pos;        //循环8次变量
  15          unsigned int Smg_SlowDown;      //数码管减速变量
  16          bit Flag = 0;   //每秒闪烁标志位
  17          void HC138(unsigned char channel)
  18          {
  19   1              switch(channel)
  20   1              {
  21   2                      case 0:
  22   2                              P2 = (P2 & 0x1f);
  23   2                      break;          
  24   2                      case 4:
  25   2                              P2 = ((P2 & 0x1f) | 0x80);
  26   2                      break;
  27   2                      case 5:
  28   2                              P2 = ((P2 & 0x1f) | 0xa0);
  29   2                      break;
  30   2                      case 6:
  31   2                              P2 = ((P2 & 0x1f) | 0xc0);
  32   2                      break;
  33   2                      case 7:
  34   2                              P2 = ((P2 & 0x1f) | 0xe0);
  35   2                      break;
  36   2              }
  37   1      }
  38          void Smg_dis(unsigned char dula,wela)
  39          {
  40   1              P0 = 0xff;//消影
  41   1              HC138(7);
  42   1              HC138(0);
  43   1              P0 = T_COM[dula];//位选
  44   1              HC138(6);
  45   1              HC138(0);
  46   1              P0 = ~t_display[wela];//段选
  47   1              HC138(7);
  48   1              HC138(0);
  49   1              
  50   1      }
  51          void Led_Disp(unsigned char addr,enable)
  52          {
  53   1              static unsigned char temp = 0x00;
  54   1              static unsigned char temp_old = 0xff;
C51 COMPILER V9.54   MAIN                                                                  01/15/2024 21:49:24 PAGE 2   

  55   1              if(enable) temp |= 0x01 << addr;
  56   1              else temp &= ~(0x01 << addr);
  57   1              if(temp != temp_old)
  58   1              {
  59   2                      P0 = ~temp;
  60   2                      P2 = P2 & 0x1f | 0x80;
  61   2                      P2 &= 0x1f;
  62   2                      temp_old = temp;
  63   2              }
  64   1      }
  65          void Delay500ms()               //@12.000MHz
  66          {
  67   1              unsigned char data i, j, k;
  68   1      
  69   1              _nop_();
  70   1              i = 4;
  71   1              j = 205;
  72   1              k = 187;
  73   1              do
  74   1              {
  75   2                      do
  76   2                      {
  77   3                              while (--k);
  78   3                      } while (--j);
  79   2              } while (--i);
  80   1      }
  81          
  82          void Timer0_Init(void)          //1毫秒@12.000MHz
  83          {
  84   1              AUXR &= 0x7F;                   //定时器时钟12T模式
  85   1              TMOD &= 0xF0;                   //设置定时器模式
  86   1              TL0 = 0x18;                             //设置定时初始值
  87   1              TH0 = 0xFC;                             //设置定时初始值
  88   1              TF0 = 0;                                //清除TF0标志
  89   1              ET0 = 1;
  90   1              EA = 1;
  91   1              TR0 = 1;                                //定时器0开始计时
  92   1      }
  93          void Smg_Proc() //每500ms执行一次
  94          {
  95   1              if(Smg_SlowDown) return ;
  96   1              Smg_SlowDown = 1;
  97   1              Led_buf[7] = 1;
  98   1              Led_buf[0] = 1; 
  99   1      }
 100          int main()
 101          {
 102   1              Timer0_Init();
 103   1              while(1)
 104   1              {
 105   2                      Smg_Proc();
 106   2                      Delay500ms();
 107   2              }
 108   1      }
 109          void Timer0Server() interrupt 1
 110          {
 111   1              if(++Smg_SlowDown == 500) Smg_SlowDown = 0;//数码管减速
 112   1              
 113   1              if(++Eignt_pos == 8) Eignt_pos = 0;
 114   1              Smg_dis(Eignt_pos,Smg_buf[Eignt_pos]);
 115   1              Led_Disp(Eignt_pos,Led_buf[Eignt_pos]);
 116   1      }
C51 COMPILER V9.54   MAIN                                                                  01/15/2024 21:49:24 PAGE 3   



MODULE INFORMATION:   STATIC OVERLAYABLE
   CODE SIZE        =    338    ----
   CONSTANT SIZE    =     51    ----
   XDATA SIZE       =   ----    ----
   PDATA SIZE       =   ----    ----
   DATA SIZE        =     21    ----
   IDATA SIZE       =   ----    ----
   BIT SIZE         =      1    ----
END OF MODULE INFORMATION.


C51 COMPILATION COMPLETE.  0 WARNING(S),  0 ERROR(S)
